// Jest Snapshot v1, https://goo.gl/fbAQLP

exports[`dgraph should send query 1`] = `
Object {
  "q": Array [],
}
`;
